// Jest Snapshot v1, https://goo.gl/fbAQLP

exports['<Main /> should render the heading 1'] = `
<main
  class="styles__Wrapper-sc-1nfdwfb-0 gfPFWH"
>
  <img
    alt="Imagem de um átomo e React Avançando escrito ao lado."
    class="styles__Logo-sc-1nfdwfb-1 idkkNy"
    src="/img/logo.svg"
  />
  <h1
    class="styles__Title-sc-1nfdwfb-2 dbAQmA"
  >
    React Avançado
  </h1>
  <h2
    class="styles__Description-sc-1nfdwfb-3 Ynogf"
  >
    TypeScript, ReactJS, NextJS e Styled Components
  </h2>
  <img
    alt="Um desenvolvedor de frente para uma tela com código."
    class="styles__Illustration-sc-1nfdwfb-4 hSmlum"
    src="/img/hero-illustration.svg"
  />
</main>
`;
